// Jest Snapshot v1, https://goo.gl/fbAQLP

exports[`matches snapshot as expected 1`] = `
<div
  className="sc-gswNZR dOOFXH"
>
  <div
    className="sc-bcXHqe kgkxTJ App"
  >
    <div
      className="DateRangePicker DateRangePicker_1"
    >
      <div>
        <div
          className="DateRangePickerInput DateRangePickerInput_1 DateRangePickerInput__withBorder DateRangePickerInput__withBorder_2"
        >
          <button
            aria-label="Interact with the calendar and add the check-in date for your trip."
            className="DateRangePickerInput_calendarIcon DateRangePickerInput_calendarIcon_1"
            disabled={false}
            onClick={[Function]}
            type="button"
          >
            <svg
              className="DateRangePickerInput_calendarIcon_svg DateRangePickerInput_calendarIcon_svg_1"
              focusable="false"
              viewBox="0 0 1393.1 1500"
            >
              <path
                d="m107 1393h241v-241h-241zm295 0h268v-241h-268zm-295-295h241v-268h-241zm295 0h268v-268h-268zm-295-321h241v-241h-241zm616 616h268v-241h-268zm-321-616h268v-241h-268zm643 616h241v-241h-241zm-322-295h268v-268h-268zm-294-723v-241c0-7-3-14-8-19-6-5-12-8-19-8h-54c-7 0-13 3-19 8-5 5-8 12-8 19v241c0 7 3 14 8 19 6 5 12 8 19 8h54c7 0 13-3 19-8 5-5 8-12 8-19zm616 723h241v-268h-241zm-322-321h268v-241h-268zm322 0h241v-241h-241zm27-402v-241c0-7-3-14-8-19-6-5-12-8-19-8h-54c-7 0-13 3-19 8-5 5-8 12-8 19v241c0 7 3 14 8 19 6 5 12 8 19 8h54c7 0 13-3 19-8 5-5 8-12 8-19zm321-54v1072c0 29-11 54-32 75s-46 32-75 32h-1179c-29 0-54-11-75-32s-32-46-32-75v-1072c0-29 11-54 32-75s46-32 75-32h107v-80c0-37 13-68 40-95s57-39 94-39h54c37 0 68 13 95 39 26 26 39 58 39 95v80h321v-80c0-37 13-69 40-95 26-26 57-39 94-39h54c37 0 68 13 94 39s40 58 40 95v80h107c29 0 54 11 75 32s32 46 32 75z"
              />
            </svg>
          </button>
          <div
            className="DateInput DateInput_1"
          >
            <input
              aria-describedby="DateInput__screen-reader-message-selector-start-date"
              aria-label="Start Date"
              autoComplete="off"
              className="DateInput_input DateInput_input_1"
              disabled={false}
              id="selector-start-date"
              name="selector-start-date"
              onChange={[Function]}
              onFocus={[Function]}
              onKeyDown={[Function]}
              placeholder="Start Date"
              readOnly={false}
              required={false}
              type="text"
              value=""
            />
            <p
              className="DateInput_screenReaderMessage DateInput_screenReaderMessage_1"
              id="DateInput__screen-reader-message-selector-start-date"
            >
              Navigate forward to interact with the calendar and select a date. Press the question mark key to get the keyboard shortcuts for changing dates.
            </p>
          </div>
          <div
            aria-hidden="true"
            className="DateRangePickerInput_arrow DateRangePickerInput_arrow_1"
            role="presentation"
          >
            <svg
              className="DateRangePickerInput_arrow_svg DateRangePickerInput_arrow_svg_1"
              focusable="false"
              viewBox="0 0 1000 1000"
            >
              <path
                d="M694 242l249 250c12 11 12 21 1 32L694 773c-5 5-10 7-16 7s-11-2-16-7c-11-11-11-21 0-32l210-210H68c-13 0-23-10-23-23s10-23 23-23h806L662 275c-21-22 11-54 32-33z"
              />
            </svg>
          </div>
          <div
            className="DateInput DateInput_1"
          >
            <input
              aria-describedby="DateInput__screen-reader-message-selector-end-date"
              aria-label="End Date"
              autoComplete="off"
              className="DateInput_input DateInput_input_1"
              disabled={false}
              id="selector-end-date"
              name="selector-end-date"
              onChange={[Function]}
              onFocus={[Function]}
              onKeyDown={[Function]}
              placeholder="End Date"
              readOnly={false}
              required={false}
              type="text"
              value=""
            />
            <p
              className="DateInput_screenReaderMessage DateInput_screenReaderMessage_1"
              id="DateInput__screen-reader-message-selector-end-date"
            >
              Navigate backward to interact with the calendar and select a date. Press the question mark key to get the keyboard shortcuts for changing dates.
            </p>
          </div>
        </div>
      </div>
    </div>
  </div>
  <button
    className="button"
    onClick={[Function]}
  >
    book
  </button>
</div>
`;
